###############################################################################
#
# IAR ELF Linker V9.20.4.327/W64 for ARM                  01/Jan/2024  21:39:55
# Copyright 2007-2022 IAR Systems AB.
#
#    Output file  =  C:\embedded_programming\Final Li Fi\Debug\Exe\project.out
#    Map file     =  C:\embedded_programming\Final Li Fi\Debug\List\project.map
#    Command line =
#        -f "C:\embedded_programming\Final Li Fi\Debug\Exe\project.out.rsp"
#        ("C:\embedded_programming\Final Li Fi\Debug\Obj\allsensors.o"
#        "C:\embedded_programming\Final Li Fi\Debug\Obj\application.o"
#        "C:\embedded_programming\Final Li Fi\Debug\Obj\bitwise_operation.o"
#        "C:\embedded_programming\Final Li Fi\Debug\Obj\dio.o"
#        "C:\embedded_programming\Final Li Fi\Debug\Obj\magnetic.o"
#        "C:\embedded_programming\Final Li Fi\Debug\Obj\main.o"
#        "C:\embedded_programming\Final Li Fi\Debug\Obj\smoke.o"
#        "C:\embedded_programming\Final Li Fi\Debug\Obj\startup_ewarm.o"
#        "C:\embedded_programming\Final Li Fi\Debug\Obj\timer.o"
#        "C:\embedded_programming\Final Li Fi\Debug\Obj\uart.o"
#        "C:\embedded_programming\Final Li Fi\Debug\Obj\ultrasonic.o"
#        --no_out_extension -o "C:\embedded_programming\Final Li
#        Fi\Debug\Exe\project.out" --redirect _Printf=_PrintfFullNoMb
#        --redirect _Scanf=_ScanfFullNoMb --map "C:\embedded_programming\Final
#        Li Fi\Debug\List\project.map" --config "C:\Program Files\IAR
#        Systems\Embedded Workbench
#        9.0\arm\config\linker\TexasInstruments\TM4C123GH6.icf" --semihosting
#        C:\ti\TivaWare_C_Series-2.1.4.178\driverlib\ewarm\Exe\driverlib.a
#        --entry __iar_program_start --vfe --text_out locale)
#
###############################################################################

*******************************************************************************
*** RUNTIME MODEL ATTRIBUTES
***

CppFlavor       = *
__CPP_Runtime   = 1
__SystemLibrary = DLib
__dlib_version  = 6


*******************************************************************************
*** HEAP SELECTION
***

The basic heap was selected because no calls to memory allocation
functions were found in the application outside of system library
functions, and there are calls to deallocation functions in the
application.


*******************************************************************************
*** PLACEMENT SUMMARY
***

"A0":  place at address 0x0 { ro section .intvec };
"P1":  place in [from 0x0 to 0x3'ffff] { ro };
define block CSTACK with size = 4K, alignment = 8 { };
define block HEAP with size = 8K, alignment = 8 { };
"P2":  place in [from 0x2000'0000 to 0x2000'7fff] {
          rw, block CSTACK, block HEAP };
do not initialize { rw section .noinit };

  Section          Kind         Address    Size  Object
  -------          ----         -------    ----  ------
"A0":                                     0x26c
  .intvec          const            0x0   0x26c  startup_ewarm.o [1]
                                - 0x26c   0x26c

"P1":                                    0x186e
  .text            ro code        0x26c   0xba0  uart.o [1]
  .text            ro code        0xe0c   0x3c8  dio.o [1]
  .text            ro code       0x11d4   0x3c0  allsensors.o [1]
  .text            ro code       0x1594    0x7c  timer.o [1]
  .text            ro code       0x1610   0x200  ultrasonic.o [1]
  .text            ro code       0x1810    0xe4  application.o [1]
  .text            ro code       0x18f4     0xe  smoke.o [1]
  .text            ro code       0x1902    0x18  magnetic.o [1]
  .text            ro code       0x191c    0xb8  main.o [1]
  .text            ro code       0x19d4    0x38  zero_init3.o [4]
  .text            ro code       0x1a0c    0x28  data_init.o [4]
  .text            ro code       0x1a34    0x22  fpinit_M.o [3]
  .iar.init_table  const         0x1a58    0x10  - Linker created -
  .text            ro code       0x1a68    0x1e  cmain.o [4]
  .text            ro code       0x1a86     0x4  low_level_init.o [2]
  .text            ro code       0x1a8a     0x4  exit.o [2]
  .text            ro code       0x1a90     0xa  cexit.o [4]
  .text            ro code       0x1a9c    0x14  exit.o [5]
  .text            ro code       0x1ab0    0x1c  cstartup_M.o [4]
  .text            ro code       0x1acc     0xe  startup_ewarm.o [1]
  .rodata          const         0x1ada     0x0  zero_init3.o [4]
                               - 0x1ada  0x186e

"P2", part 1 of 2:                          0xc
  .bss             zero     0x2000'0000     0x4  application.o [1]
  .bss             zero     0x2000'0004     0x4  application.o [1]
  .bss             zero     0x2000'0008     0x4  main.o [1]
                          - 0x2000'000c     0xc

"P2", part 2 of 2:                        0x400
  .noinit          uninit   0x2000'000c   0x400  startup_ewarm.o [1]
                          - 0x2000'040c   0x400

Unused ranges:

         From           To      Size
         ----           --      ----
       0x1ada     0x3'ffff  0x3'e526
  0x2000'040c  0x2000'7fff    0x7bf4


*******************************************************************************
*** INIT TABLE
***

          Address      Size
          -------      ----
Zero (__iar_zero_init3)
    1 destination range, total size 0xc:
          0x2000'0000   0xc



*******************************************************************************
*** MODULE SUMMARY
***

    Module            ro code  ro data  rw data
    ------            -------  -------  -------
command line/config:
    -------------------------------------------
    Total:

C:\embedded_programming\Final Li Fi\Debug\Obj: [1]
    allsensors.o          960
    application.o         228                 8
    dio.o                 968
    magnetic.o             24
    main.o                184                 4
    smoke.o                14
    startup_ewarm.o        14      620    1'024
    timer.o               124
    uart.o              2'976
    ultrasonic.o          512
    -------------------------------------------
    Total:              6'004      620    1'036

dl7M_tln.a: [2]
    exit.o                  4
    low_level_init.o        4
    -------------------------------------------
    Total:                  8

m7M_tls.a: [3]
    fpinit_M.o             34
    -------------------------------------------
    Total:                 34

rt7M_tl.a: [4]
    cexit.o                10
    cmain.o                30
    cstartup_M.o           28
    data_init.o            40
    zero_init3.o           56
    -------------------------------------------
    Total:                164

shb_l.a: [5]
    exit.o                 20
    -------------------------------------------
    Total:                 20

    Gaps                    6        2
    Linker created                  16
-----------------------------------------------
    Grand Total:        6'236      638    1'036


*******************************************************************************
*** ENTRY LIST
***

Entry                       Address   Size  Type      Object
-----                       -------   ----  ----      ------
.iar.init_table$$Base        0x1a58          --   Gb  - Linker created -
.iar.init_table$$Limit       0x1a68          --   Gb  - Linker created -
?main                        0x1a69         Code  Gb  cmain.o [4]
APP_INIT                     0x1849   0x44  Code  Gb  application.o [1]
APP_START                    0x18a3   0x2a  Code  Gb  application.o [1]
Bluetooth_Write               0x27b   0x16  Code  Gb  uart.o [1]
DIO_Init                      0xe0d  0x1e2  Code  Gb  dio.o [1]
DIO_ReadPin                  0x10e1   0x7c  Code  Gb  dio.o [1]
DIO_WritePin                  0xfef   0xf2  Code  Gb  dio.o [1]
Delay                        0x188d   0x16  Code  Gb  application.o [1]
Delay_UART                    0x26d    0xe  Code  Gb  uart.o [1]
FaultISR                     0x1ad7    0x2  Code  Lc  startup_ewarm.o [1]
GPIOPortF_Handler            0x1961   0x32  Code  Gb  main.o [1]
GPIO_Alternate                0x743   0xdc  Code  Gb  uart.o [1]
GPIO_DEN                      0x667   0xdc  Code  Gb  uart.o [1]
GPIO_PORT_CONTROL             0x81f  0x2ca  Code  Gb  uart.o [1]
IntDefaultHandler            0x1ad9    0x2  Code  Lc  startup_ewarm.o [1]
LDR_Delay                    0x11eb   0x14  Code  Gb  allsensors.o [1]
NmiSR                        0x1ad5    0x2  Code  Lc  startup_ewarm.o [1]
Region$$Table$$Base          0x1a58          --   Gb  - Linker created -
Region$$Table$$Limit         0x1a68          --   Gb  - Linker created -
ResetISR                     0x1acd    0x8  Code  Gb  startup_ewarm.o [1]
SYSCTL_GPIO_INIT              0x5d9   0x8e  Code  Gb  uart.o [1]
Start_stop                   0x1811   0x38  Code  Gb  application.o [1]
TIMER0A_Handler              0x1937   0x1a  Code  Gb  main.o [1]
TIMER1A_Handler              0x191d   0x1a  Code  Gb  main.o [1]
TIMER2A_Handler              0x1951   0x10  Code  Gb  main.o [1]
Timer2_init_ldr              0x1595   0x54  Code  Gb  timer.o [1]
UART1_init                   0x1733   0x5a  Code  Gb  ultrasonic.o [1]
UARTBaudFracDivSet            0xb91   0x7e  Code  Gb  uart.o [1]
UARTBaudIntDivSet             0xaed   0x7e  Code  Gb  uart.o [1]
UARTDisable                   0x44f   0x6e  Code  Gb  uart.o [1]
UARTEnable                    0x3c1   0x8e  Code  Gb  uart.o [1]
UARTFIFOEnable                0xced   0x7e  Code  Gb  uart.o [1]
UARTInit                      0x291   0xc2  Code  Gb  uart.o [1]
UARTReceiveEnable             0x54b   0x8e  Code  Gb  uart.o [1]
UARTTransmitEnable            0x4bd   0x8e  Code  Gb  uart.o [1]
UARTWordWidthSet              0xc35   0xb2  Code  Gb  uart.o [1]
US_Timer0_init               0x16ab   0x88  Code  Gb  ultrasonic.o [1]
UartCC                        0x353   0x6e  Code  Gb  uart.o [1]
__cmain                      0x1a69         Code  Gb  cmain.o [4]
__exit                       0x1a9d   0x14  Code  Gb  exit.o [5]
__iar_data_init3             0x1a0d   0x28  Code  Gb  data_init.o [4]
__iar_init_vfp               0x1a35         Code  Gb  fpinit_M.o [3]
__iar_program_start          0x1ab1         Code  Gb  cstartup_M.o [4]
__iar_zero_init3             0x19d5   0x38  Code  Gb  zero_init3.o [4]
__low_level_init             0x1a87    0x4  Code  Gb  low_level_init.o [2]
__vector_table                  0x0  0x26c  Data  Gb  startup_ewarm.o [1]
_call_main                   0x1a75         Code  Gb  cmain.o [4]
_exit                        0x1a91         Code  Gb  cexit.o [4]
delay_Microsecond            0x1663   0x48  Code  Gb  ultrasonic.o [1]
delay_sw                     0x11d5   0x16  Code  Gb  allsensors.o [1]
distance                0x2000'0004    0x4  Data  Gb  application.o [1]
exit                         0x1a8b    0x4  Code  Gb  exit.o [2]
magnetic_bluetooth           0x1525   0x70  Code  Gb  allsensors.o [1]
magnetic_sensor_init         0x1903   0x18  Code  Gb  magnetic.o [1]
main                         0x1993   0x18  Code  Gb  main.o [1]
measureDistanceOnce          0x1611   0x52  Code  Gb  ultrasonic.o [1]
pui32Stack              0x2000'000c  0x400  Data  Lc  startup_ewarm.o [1]
sensors_start                0x1205  0x246  Code  Gb  allsensors.o [1]
smoke_bluetooth              0x144b   0x5e  Code  Gb  allsensors.o [1]
smoke_sensor_init            0x18f5    0xe  Code  Gb  smoke.o [1]
systemState             0x2000'0008    0x4  Data  Gb  main.o [1]
time                    0x2000'0000    0x4  Data  Gb  application.o [1]
ultrasonic_bluetooth         0x14a9   0x7c  Code  Gb  allsensors.o [1]


[1] = C:\embedded_programming\Final Li Fi\Debug\Obj
[2] = dl7M_tln.a
[3] = m7M_tls.a
[4] = rt7M_tl.a
[5] = shb_l.a

  6'236 bytes of readonly  code memory
    638 bytes of readonly  data memory
  1'036 bytes of readwrite data memory

Errors: none
Warnings: none
